title,picture_url
Eine tolle Ausstellung. hier,https://upload.wikimedia.org/wikipedia/commons/thumb/d/d2/Child_scribble_age_1y10m.jpg/220px-Child_scribble_age_1y10m.jpg
eine weitere Ausstellung,
