title,start_date,end_date
Eine tolle Ausstellung. hier,2005-05-05,2006-06-06
eine weitere Ausstellung,2011-11-11,2011-11-12
eine weitere Ausstellung,2021-11-11,2021-07-12
