post_date,text,fb_post_id
2020-03-10T11:49:09+0000,"Dies ist ein absolut ""echter"" Facebook-Post, dessen Daten uns viel Gewinn einbringen.",1234567890_0987654321
2018-09-16T04:04:44+0000,"Your posts are
belong to us",0987654321_1234567890
2016-06-24T23:59:59+0000,2016 war ein langweiliges Jahr,7894561230_0123456789
