post_id,comment_id,page_id,post_date,text,is_from_museum,response_to
987654321,987654001,1234567890,2020-05-01T11:00:00+0000,messäge1,False,
987654321,987654002,1234567890,2020-05-02T11:00:00+0000,messäge2,False,
987654321,987654003,1234567890,2020-05-03T11:00:00+0000,messäge3,False,987654002
987654321,987654004,1234567890,2020-05-04T11:00:00+0000,messäge4,True,987654002
987654321,987654005,1234567890,2020-05-05T11:00:00+0000,messäge5,False,987654002
987654321,987654006,1234567890,2020-05-06T11:00:00+0000,messäge6,True,987654002
987654321,987654007,1234567890,2020-05-07T11:00:00+0000,messäge7,False,
987654321,987654008,1234567890,2020-05-08T11:00:00+0000,messäge8,False,987654007
987654321,987654009,1234567890,2020-05-09T11:00:00+0000,messäge9,True,987654007
