gender,age,timestamp,amount
A,15-19,2020-01-01 00:00:05,123
B,20-24,2020-01-01 00:00:05,456
C,25-29,2020-01-01 00:00:05,789
