city,timestamp,amount
"City1, State1",2020-01-01 00:00:05,123
"City2, State2",2020-01-01 00:00:05,456
"City3, State1",2020-01-01 00:00:05,789
