ig_post_id,timestamp,impressions,reach,engagement,saved,video_views
0123456789,2020-01-01 00:00:05,101010,202020,303030,404040,505050
9876543210,2020-01-01 00:00:05,998877,665544,332211,555555,0
