timestamp,follower_count,profile_views,website_clicks
2020-05-10T07:00:00+0000,123,456,789
