timestamp,follower_count,media_count
2020-01-01 00:00:05,1000000,5000
